// Jest Snapshot v1, https://goo.gl/fbAQLP

exports[`NotFound snapshot should match NotFound.jsx snapshot 1`] = `
<div
  className="page-not-found-container"
>
  <div
    className="page-not-found"
  />
</div>
`;
