// Jest Snapshot v1, https://goo.gl/fbAQLP

exports[`Footer.jsx should match Footer.jsx snapshot 1`] = `
<div
  className="footer"
>
  Â©2018 Fast Food Fast - Andela Bootcamp challenge
</div>
`;
